<?xml version="1.0" encoding="utf-8" ?>
<result>
    <nb_uniq_visitors>1</nb_uniq_visitors>
    <nb_visits>10</nb_visits>
    <nb_users>0</nb_users>
    <nb_actions>10</nb_actions>
    <max_actions>1</max_actions>
    <bounce_count>10</bounce_count>
    <sum_visit_length>2169</sum_visit_length>
    <nb_visits_returning>1</nb_visits_returning>
    <nb_actions_returning>1</nb_actions_returning>
    <nb_uniq_visitors_returning>1</nb_uniq_visitors_returning>
    <nb_users_returning>0</nb_users_returning>
    <max_actions_returning>1</max_actions_returning>
    <bounce_rate_returning>100%</bounce_rate_returning>
    <nb_actions_per_visit_returning>1</nb_actions_per_visit_returning>
    <avg_time_on_site_returning>0</avg_time_on_site_returning>
    <nb_conversions>4</nb_conversions>
    <nb_visits_converted>2</nb_visits_converted>
    <revenue>4999</revenue>
    <conversion_rate>20%</conversion_rate>
    <nb_conversions_new_visit>4</nb_conversions_new_visit>
    <nb_visits_converted_new_visit>2</nb_visits_converted_new_visit>
    <revenue_new_visit>4999</revenue_new_visit>
    <conversion_rate_new_visit>22.22%</conversion_rate_new_visit>
    <nb_conversions_returning_visit>0</nb_conversions_returning_visit>
    <nb_visits_converted_returning_visit>0</nb_visits_converted_returning_visit>
    <revenue_returning_visit>0</revenue_returning_visit>
    <conversion_rate_returning_visit>0%</conversion_rate_returning_visit>
    <nb_pageviews>10</nb_pageviews>
    <nb_uniq_pageviews>10</nb_uniq_pageviews>
    <nb_downloads>0</nb_downloads>
    <nb_uniq_downloads>0</nb_uniq_downloads>
    <nb_outlinks>0</nb_outlinks>
    <nb_uniq_outlinks>0</nb_uniq_outlinks>
    <nb_searches>0</nb_searches>
    <nb_keywords>0</nb_keywords>
    <bounce_rate>100%</bounce_rate>
    <nb_actions_per_visit>1</nb_actions_per_visit>
    <avg_time_on_site>217</avg_time_on_site>
</result>
