<?xml version="1.0" encoding="utf-8" ?>
<result>
	<row>
		<label>ecommerce_campaign - ecommerce_keyword - ecommerce_content</label>
		<nb_uniq_visitors>1</nb_uniq_visitors>
		<nb_visits>2</nb_visits>
		<nb_actions>2</nb_actions>
		<nb_users>0</nb_users>
		<max_actions>1</max_actions>
		<sum_visit_length>1444</sum_visit_length>
		<bounce_count>2</bounce_count>
		<goals>
			<row idgoal='ecommerceAbandonedCart'>
				<nb_conversions>1</nb_conversions>
				<nb_visits_converted>1</nb_visits_converted>
				<revenue>555</revenue>
				<items>5</items>
			</row>
			<row idgoal='ecommerceOrder'>
				<nb_conversions>1</nb_conversions>
				<nb_visits_converted>1</nb_visits_converted>
				<revenue>555</revenue>
				<revenue_subtotal>0</revenue_subtotal>
				<revenue_tax>0</revenue_tax>
				<revenue_shipping>0</revenue_shipping>
				<revenue_discount>0</revenue_discount>
				<items>5</items>
			</row>
		</goals>
		<nb_conversions>1</nb_conversions>
		<revenue>555</revenue>
	</row>
	<row>
		<label>campaignnamedimension - no other dimension for this visit</label>
		<nb_uniq_visitors>1</nb_uniq_visitors>
		<nb_visits>1</nb_visits>
		<nb_actions>1</nb_actions>
		<nb_users>0</nb_users>
		<max_actions>1</max_actions>
		<sum_visit_length>0</sum_visit_length>
		<bounce_count>1</bounce_count>
		<nb_visits_converted>0</nb_visits_converted>
		<segment>campaignName==campaignnamedimension+-+no+other+dimension+for+this+visit</segment>
	</row>
	<row>
		<label>campaign_hashed - keyword from #hash tag parameter - this_campaign_content_should_not_be_tracked</label>
		<nb_uniq_visitors>1</nb_uniq_visitors>
		<nb_visits>1</nb_visits>
		<nb_actions>1</nb_actions>
		<nb_users>0</nb_users>
		<max_actions>1</max_actions>
		<sum_visit_length>0</sum_visit_length>
		<bounce_count>1</bounce_count>
		<nb_visits_converted>0</nb_visits_converted>
	</row>
	<row>
		<label>campaign_with_two_goals_conversions</label>
		<nb_uniq_visitors>1</nb_uniq_visitors>
		<nb_visits>1</nb_visits>
		<nb_actions>1</nb_actions>
		<nb_users>0</nb_users>
		<max_actions>1</max_actions>
		<sum_visit_length>725</sum_visit_length>
		<bounce_count>1</bounce_count>
		<goals>
			<row idgoal='1'>
				<nb_conversions>2</nb_conversions>
				<nb_visits_converted>1</nb_visits_converted>
				<revenue>1111</revenue>
			</row>
			<row idgoal='2'>
				<nb_conversions>1</nb_conversions>
				<nb_visits_converted>1</nb_visits_converted>
				<revenue>3333</revenue>
			</row>
		</goals>
		<nb_conversions>3</nb_conversions>
		<revenue>4444</revenue>
		<segment>campaignName==campaign_with_two_goals_conversions</segment>
	</row>
	<row>
		<label>default_offer - not_an_advanced_campaign_at_first</label>
		<nb_uniq_visitors>1</nb_uniq_visitors>
		<nb_visits>1</nb_visits>
		<nb_actions>1</nb_actions>
		<nb_users>0</nb_users>
		<max_actions>1</max_actions>
		<sum_visit_length>0</sum_visit_length>
		<bounce_count>1</bounce_count>
		<nb_visits_converted>0</nb_visits_converted>
	</row>
	<row>
		<label>lenghty &quot;name&quot;...lenghty &quot;name&quot;...lenghty &quot;name&quot;...lenghty &quot;name&quot;...lenghty &quot;name&quot;...lenghty &quot;name&quot;...lenghty &quot;name&quot;...lenghty &quot;name&quot;...lenghty &quot;name&quot;...lenghty &quot;name&quot;...lenghty &quot;name&quot;...lenghty &quot;name&quot;...lenghty &quot;name&quot;...lenghty &quot;name&quot;...lenghty &quot;nam - lenghty &quot;keyword&quot;...lenghty &quot;keyword&quot;...lenghty &quot;keyword&quot;...lenghty &quot;keyword&quot;...lenghty &quot;keyword&quot;...lenghty &quot;keyword&quot;...lenghty &quot;keyword&quot;...lenghty &quot;keyword&quot;...lenghty &quot;keyword&quot;...lenghty &quot;keyword&quot;...lenghty &quot;keyword&quot;...lenghty &quot;keyword&quot;...lenghty &quot;k</label>
		<nb_uniq_visitors>1</nb_uniq_visitors>
		<nb_visits>1</nb_visits>
		<nb_actions>1</nb_actions>
		<nb_users>0</nb_users>
		<max_actions>1</max_actions>
		<sum_visit_length>0</sum_visit_length>
		<bounce_count>1</bounce_count>
		<nb_visits_converted>0</nb_visits_converted>
	</row>
	<row>
		<label>november_offer - mot_clé_pépère - contains personalized campaigns for client</label>
		<nb_uniq_visitors>1</nb_uniq_visitors>
		<nb_visits>1</nb_visits>
		<nb_actions>1</nb_actions>
		<nb_users>0</nb_users>
		<max_actions>1</max_actions>
		<sum_visit_length>0</sum_visit_length>
		<bounce_count>1</bounce_count>
		<nb_visits_converted>0</nb_visits_converted>
	</row>
	<row>
		<label>october_offer - mot_clé_pépère - none</label>
		<nb_uniq_visitors>1</nb_uniq_visitors>
		<nb_visits>1</nb_visits>
		<nb_actions>1</nb_actions>
		<nb_users>0</nb_users>
		<max_actions>1</max_actions>
		<sum_visit_length>0</sum_visit_length>
		<bounce_count>1</bounce_count>
		<nb_visits_converted>0</nb_visits_converted>
	</row>
	<row>
		<label>should_be_new_visit</label>
		<nb_uniq_visitors>1</nb_uniq_visitors>
		<nb_visits>1</nb_visits>
		<nb_actions>1</nb_actions>
		<nb_users>0</nb_users>
		<max_actions>1</max_actions>
		<sum_visit_length>0</sum_visit_length>
		<bounce_count>1</bounce_count>
		<nb_visits_converted>0</nb_visits_converted>
		<segment>campaignName==should_be_new_visit</segment>
	</row>
</result>