<?xml version="1.0" encoding="utf-8" ?>
<result>
	<error message="The DataTable cannot be manipulated: Metadata for report Referrers.getCampaigns could not be found. You can define the metadata in a hook, see example at: http://developer.piwik.org/api-reference/events#apigetreportmetadata
 
 --&gt; To temporarily debug this error further, set const PIWIK_PRINT_ERROR_BACKTRACE=true; in index.php" />
</result>